== table
AltSql 0.1.0-prototype benchmark: 1000000 rows, 8397 sectors of 4096 bytes (file build/bench.db)
  append:  0.13 s for 1000000 rows = 7839254 rows/s; 7876 sectors used = 32.3 bytes/row on flash
  put:     4503068 puts/s (1000 keys, 10000 writes)
  get:     10752122 gets/s
  window:  0.040 ms for the last 60 s (60 rows, avg 29.70)
  SQL:
    146.1 ms  SELECT time / 3600 AS hour, COUNT(*), AVG(temp), MIN(temp), MAX(temp) FROM readings GROUP BY hour -> 278 rows
    106.0 ms  SELECT machine, AVG(temp) FROM readings GROUP BY machine ORDER BY machine              -> 16 rows
     91.5 ms  SELECT COUNT(*) FROM readings WHERE temp > 29.5                                        -> 1 rows
      0.4 ms  SELECT time, temp FROM readings WHERE time >= 1768222000 AND machine = 3               -> 225 rows
     94.9 ms  SELECT time, temp FROM readings ORDER BY temp DESC LIMIT 5                             -> 5 rows
  reopen:  55.2 ms (scans the whole log, rebuilds the key index); engine memory 266328 bytes
== nocheck
AltSql 0.1.0-prototype benchmark: 1000000 rows, 8397 sectors of 4096 bytes (file build/bench.db)
  append:  0.19 s for 1000000 rows = 5253866 rows/s; 7876 sectors used = 32.3 bytes/row on flash
  put:     3413665 puts/s (1000 keys, 10000 writes)
  get:     11046495 gets/s
  window:  0.035 ms for the last 60 s (60 rows, avg 29.70)
  SQL:
     85.8 ms  SELECT time / 3600 AS hour, COUNT(*), AVG(temp), MIN(temp), MAX(temp) FROM readings GROUP BY hour -> 278 rows
     53.4 ms  SELECT machine, AVG(temp) FROM readings GROUP BY machine ORDER BY machine              -> 16 rows
     45.0 ms  SELECT COUNT(*) FROM readings WHERE temp > 29.5                                        -> 1 rows
      0.3 ms  SELECT time, temp FROM readings WHERE time >= 1768222000 AND machine = 3               -> 225 rows
     44.1 ms  SELECT time, temp FROM readings ORDER BY temp DESC LIMIT 5                             -> 5 rows
  reopen:  15.4 ms (scans the whole log, rebuilds the key index); engine memory 266328 bytes
