==7357== Memcheck, a memory error detector
==7357== Copyright (C) 2002-2022, and GNU GPL'd, by Julian Seward et al.
==7357== Using Valgrind-3.22.0 and LibVEX; rerun with -h for copyright info
==7357== Command: ./build/test_powercut quick
==7357== 
   8 sectors x 1024 B, align  4, map() : ok after 250 cuts
  16 sectors x  512 B, align  1, read(): ok after 250 cuts
   8 sectors x 1024 B, align  8, read(): ok after 250 cuts
   6 sectors x 2048 B, align 16, map() : ok after 250 cuts
  1000 power cuts (76 during an erase), 70782 operations; in-flight op kept 75, dropped 925;
  2421 sectors reclaimed, 34741 rows rolled over; reopen failures: 0
test_powercut: 79701 checks, 0 failed
==7357== 
==7357== HEAP SUMMARY:
==7357==     in use at exit: 0 bytes in 0 blocks
==7357==   total heap usage: 9 allocs, 9 frees, 303,104 bytes allocated
==7357== 
==7357== All heap blocks were freed -- no leaks are possible
==7357== 
==7357== For lists of detected and suppressed errors, rerun with: -s
==7357== ERROR SUMMARY: 0 errors from 0 contexts (suppressed: 0 from 0)
