==7355== Memcheck, a memory error detector
==7355== Copyright (C) 2002-2022, and GNU GPL'd, by Julian Seward et al.
==7355== Using Valgrind-3.22.0 and LibVEX; rerun with -h for copyright info
==7355== Command: ./build/test_basic
==7355== 
  sectors 16 x 4096 B, align  4, map() : ok
  sectors 16 x 4096 B, align  4, read(): ok
  sectors 16 x  512 B, align  1, map() : ok
  sectors 16 x  512 B, align  8, read(): ok
  sectors  8 x 1024 B, align 16, map() : ok
  sectors 32 x  256 B, align  2, read(): ok
  file port: ok
test_basic: 104942 checks, 0 failed
==7355== 
==7355== HEAP SUMMARY:
==7355==     in use at exit: 0 bytes in 0 blocks
==7355==   total heap usage: 57 allocs, 57 frees, 3,484,908 bytes allocated
==7355== 
==7355== All heap blocks were freed -- no leaks are possible
==7355== 
==7355== For lists of detected and suppressed errors, rerun with: -s
==7355== ERROR SUMMARY: 0 errors from 0 contexts (suppressed: 0 from 0)
