AltSql DB Gate 1: 1000000 entries, 12-byte keys (device, time), 14-byte values; three runs, medians

measure                 altsql    altsql-int        sqlite   sqlite-mmap   sqlite-blob          lmdb
reads_cached         1,961,992     2,092,054       389,180       443,471     1,721,096     1,686,595
reads_4x               815,850       899,018       351,468           n/a       956,783           n/a
scan                13,744,956    14,818,546    17,261,626    18,497,259    25,202,503    70,152,744
writes_tx1               3,378         4,105         5,295         4,951         6,402         4,509
writes_tx100            33,351       332,892        27,388        25,417       509,577        58,884
writes_tx10000         401,633     3,459,917       155,962       151,403     2,586,264       505,309
load                   208,340       223,407       127,278       132,283       175,179       187,066
bytes_on_disk       99,561,472    89,202,688    35,794,944    35,794,944    24,408,064   110,559,232
bytes_per_entry            100            89            36            36            24           111
peak_memory            109,496        99,448        48,500        62,376        36,472       147,092

Pass marks
  reads in the cache vs SQLite's best through SQL (WITHOUT ROWID, mmap off or on): 4.42x  (need 2.0)  PASS
  reads in the cache, whole-number keys, vs SQLite's blob path (sqlite3_blob_reopen): 1.22x  (need 2.0)  FAIL
  ordered scan vs SQLite: 0.74x  (need 0.8)  FAIL
  10,000-write transactions vs SQLite: 2.58x  (need 0.8)  PASS
  three runs within 5%: reads_cached 3.4%, scan 5.9%, writes_tx10000 13.7%, reads_4x 9.5%  FAIL

For reference: single-write transactions, AltSql DB 3378/s vs SQLite 5295/s (two syncs per commit vs one);
LMDB reads in the cache 1686595/s.

exit 0
