altsql load 181503 entries/s
altsql reads_cached 1858320 reads/s
altsql read_checksum 261411835 -
altsql scan 14990033 entries/s
altsql scan_checksum 261470407 -
altsql bytes_on_disk 99561472 bytes
altsql bytes_per_entry 99.6 bytes
altsql reads_4x 727697 reads/s
altsql writes_tx1 3300 writes/s
altsql commits_tx1 3300 commits/s
altsql writes_tx100 38802 writes/s
altsql commits_tx100 388 commits/s
altsql writes_tx10000 413495 writes/s
altsql commits_tx10000 41 commits/s
altsql peak_memory 108952 KB
altsql-int load 191729 entries/s
altsql-int reads_cached 1960348 reads/s
altsql-int read_checksum 261411835 -
altsql-int scan 13946247 entries/s
altsql-int scan_checksum 261470407 -
altsql-int bytes_on_disk 89202688 bytes
altsql-int bytes_per_entry 89.2 bytes
altsql-int reads_4x 754371 reads/s
altsql-int writes_tx1 3937 writes/s
altsql-int commits_tx1 3937 commits/s
altsql-int writes_tx100 354844 writes/s
altsql-int commits_tx100 3548 commits/s
altsql-int writes_tx10000 3316309 writes/s
altsql-int commits_tx10000 332 commits/s
altsql-int peak_memory 98840 KB
sqlite load 110910 entries/s
sqlite reads_cached 363975 reads/s
sqlite read_checksum 261411835 -
sqlite scan 16428153 entries/s
sqlite scan_checksum 261470407 -
sqlite bytes_on_disk 35794944 bytes
sqlite bytes_per_entry 35.8 bytes
sqlite reads_4x 329936 reads/s
sqlite writes_tx1 5242 writes/s
sqlite commits_tx1 5242 commits/s
sqlite writes_tx100 22712 writes/s
sqlite commits_tx100 227 commits/s
sqlite writes_tx10000 137083 writes/s
sqlite commits_tx10000 14 commits/s
sqlite peak_memory 48540 KB
sqlite-mmap load 111133 entries/s
sqlite-mmap reads_cached 368185 reads/s
sqlite-mmap read_checksum 261411835 -
sqlite-mmap scan 16300796 entries/s
sqlite-mmap scan_checksum 261470407 -
sqlite-mmap bytes_on_disk 35794944 bytes
sqlite-mmap bytes_per_entry 35.8 bytes
sqlite-mmap writes_tx1 4202 writes/s
sqlite-mmap commits_tx1 4202 commits/s
sqlite-mmap writes_tx100 22042 writes/s
sqlite-mmap commits_tx100 220 commits/s
sqlite-mmap writes_tx10000 128406 writes/s
sqlite-mmap commits_tx10000 13 commits/s
sqlite-mmap peak_memory 62316 KB
sqlite-blob load 145263 entries/s
sqlite-blob reads_cached 1650033 reads/s
sqlite-blob read_checksum 261411835 -
sqlite-blob scan 23972091 entries/s
sqlite-blob scan_checksum 261470407 -
sqlite-blob bytes_on_disk 24408064 bytes
sqlite-blob bytes_per_entry 24.4 bytes
sqlite-blob reads_4x 931618 reads/s
sqlite-blob writes_tx1 5747 writes/s
sqlite-blob commits_tx1 5747 commits/s
sqlite-blob writes_tx100 467287 writes/s
sqlite-blob commits_tx100 4673 commits/s
sqlite-blob writes_tx10000 2514993 writes/s
sqlite-blob commits_tx10000 251 commits/s
sqlite-blob peak_memory 36340 KB
lmdb load 185931 entries/s
lmdb reads_cached 1561285 reads/s
lmdb read_checksum 261411835 -
lmdb scan 75439336 entries/s
lmdb scan_checksum 261470407 -
lmdb bytes_on_disk 110559232 bytes
lmdb bytes_per_entry 110.6 bytes
lmdb writes_tx1 4163 writes/s
lmdb commits_tx1 4163 commits/s
lmdb writes_tx100 53963 writes/s
lmdb commits_tx100 540 commits/s
lmdb writes_tx10000 452306 writes/s
lmdb commits_tx10000 45 commits/s
lmdb peak_memory 147080 KB
