AltSql DB 0.3.0-alpha measurements: 1000000 rows, 8 MB of memory each, files with real syncs
core     load  5804910 rows/s, 32.3 bytes per row on flash
core     query   175.03 ms  278 rows  SELECT time / 3600 AS hour, COUNT(*), AVG(temp), MIN(temp), MAX(temp) FROM readings GROUP BY hour
core     query   144.40 ms  16 rows  SELECT machine, AVG(temp) FROM readings GROUP BY machine ORDER BY machine
core     query   130.64 ms  1 rows  SELECT COUNT(*) FROM readings WHERE temp > 29.5
core     query     0.63 ms  225 rows  SELECT time, temp FROM readings WHERE time >= 1768222000 AND machine = 3
core     query   135.95 ms  5 rows  SELECT time, temp FROM readings ORDER BY temp DESC LIMIT 5
altsqldb load  3331583 rows/s (direct path, 10,000 rows per transaction), 31.4 bytes per row on disk
altsqldb query   143.46 ms  278 rows  SELECT time / 3600 AS hour, COUNT(*), AVG(temp), MIN(temp), MAX(temp) FROM readings GROUP BY hour
               plan: full scan (readings)
altsqldb query   112.83 ms  16 rows  SELECT machine, AVG(temp) FROM readings GROUP BY machine ORDER BY machine
               plan: full scan (readings)
altsqldb query   101.17 ms  1 rows  SELECT COUNT(*) FROM readings WHERE temp > 29.5
               plan: full scan (readings)
altsqldb query     0.40 ms  225 rows  SELECT time, temp FROM readings WHERE time >= 1768222000 AND machine = 3
               plan: range scan (readings, range on time)
altsqldb query    99.65 ms  5 rows  SELECT time, temp FROM readings ORDER BY temp DESC LIMIT 5
               plan: full scan (readings)
altsqldb index readings_temp (temp) made over 1000000 rows in 0.58 s; 21.3 more bytes per row on disk
altsqldb query     0.50 ms  1 rows  SELECT COUNT(*), MIN(time) FROM readings WHERE temp = 25.5
               plan: index lookup (readings, index readings_temp, fixed: temp)
altsqldb query   126.42 ms  1 rows  SELECT COUNT(*), MIN(time) FROM readings WHERE (temp = 25.5) OR 0 = 1
               plan: full scan (WHERE made opaque); through the index 252 times faster
altsqldb query     1.45 ms  500 rows  SELECT time, temp FROM readings WHERE temp BETWEEN 25.5 AND 25.52 AND machine = 6
               plan: index range (readings, index readings_temp, range on temp)
altsqldb query   130.28 ms  500 rows  SELECT time, temp FROM readings WHERE (temp BETWEEN 25.5 AND 25.52 AND machine = 6) OR 0 = 1
               plan: full scan (WHERE made opaque); through the index 90 times faster
altsqldb reopen 0.03 ms
altsqldb load  256052 rows/s with an index on (machine, temp) kept as rows arrive, 76.8 bytes per row on disk,
               22% of the file's pages free for reuse: each commit copies the index pages it changed
sqlite   load  1892770 rows/s (prepared INSERT, 10,000 rows per transaction), 21.0 bytes per row on disk (SQLite 3.53.4)
sqlite   query   287.16 ms  278 rows  SELECT time / 3600 AS hour, COUNT(*), AVG(temp), MIN(temp), MAX(temp) FROM readings GROUP BY hour
sqlite   query   245.17 ms  16 rows  SELECT machine, AVG(temp) FROM readings GROUP BY machine ORDER BY machine
sqlite   query    34.36 ms  1 rows  SELECT COUNT(*) FROM readings WHERE temp > 29.5
sqlite   query     0.10 ms  225 rows  SELECT time, temp FROM readings WHERE time >= 1768222000 AND machine = 3
sqlite   query    45.67 ms  5 rows  SELECT time, temp FROM readings ORDER BY temp DESC LIMIT 5
sqlite   index readings_temp (temp) made over 1000000 rows in 0.45 s; 18.0 more bytes per row on disk
sqlite   query     0.05 ms  1 rows  SELECT COUNT(*), MIN(time) FROM readings WHERE temp = 25.5
               COUNT(*) = 1000 rows with temp = 25.5
sqlite   query     1.59 ms  500 rows  SELECT time, temp FROM readings WHERE temp BETWEEN 25.5 AND 25.52 AND machine = 6
sqlite   load  145203 rows/s with an index on (machine, temp) kept as rows arrive, 42.9 bytes per row on disk
sync     291257 readings/s into one file (100 devices, 7400 batches of up to 4 KB, 2155 commits/s)
sync     35.1 bytes per reading on disk (a reading here: time, machine, temp)
synced   query   163.17 ms  3 rows  SELECT time / 3600 AS hour, COUNT(*), AVG(temp), MIN(temp), MAX(temp) FROM readings GROUP BY hour
               plan: full scan (readings)
synced   query   125.83 ms  16 rows  SELECT machine, AVG(temp) FROM readings GROUP BY machine ORDER BY machine
               plan: full scan (readings)
synced   query   117.50 ms  1 rows  SELECT COUNT(*) FROM readings WHERE temp > 29.5
               plan: full scan (readings)
synced   query    47.96 ms  22500 rows  SELECT time, temp FROM readings WHERE time >= 1767232000 AND machine = 3
               plan: range per device (readings, range on time)
synced   query   114.51 ms  5 rows  SELECT time, temp FROM readings ORDER BY temp DESC LIMIT 5
               plan: full scan (readings)
