altsql load 175773 entries/s
altsql reads_cached 1842507 reads/s
altsql read_checksum 261411835 -
altsql scan 14589222 entries/s
altsql scan_checksum 261470407 -
altsql bytes_on_disk 99561472 bytes
altsql bytes_per_entry 99.6 bytes
altsql reads_4x 740230 reads/s
altsql writes_tx1 3083 writes/s
altsql commits_tx1 3083 commits/s
altsql writes_tx100 38714 writes/s
altsql commits_tx100 387 commits/s
altsql writes_tx10000 447832 writes/s
altsql commits_tx10000 45 commits/s
altsql peak_memory 109132 KB
altsql-int load 187663 entries/s
altsql-int reads_cached 2039475 reads/s
altsql-int read_checksum 261411835 -
altsql-int scan 13399630 entries/s
altsql-int scan_checksum 261470407 -
altsql-int bytes_on_disk 89202688 bytes
altsql-int bytes_per_entry 89.2 bytes
altsql-int reads_4x 719501 reads/s
altsql-int writes_tx1 3414 writes/s
altsql-int commits_tx1 3414 commits/s
altsql-int writes_tx100 283149 writes/s
altsql-int commits_tx100 2831 commits/s
altsql-int writes_tx10000 2741335 writes/s
altsql-int commits_tx10000 274 commits/s
altsql-int peak_memory 98844 KB
sqlite load 117081 entries/s
sqlite reads_cached 363006 reads/s
sqlite read_checksum 261411835 -
sqlite scan 15450142 entries/s
sqlite scan_checksum 261470407 -
sqlite bytes_on_disk 35794944 bytes
sqlite bytes_per_entry 35.8 bytes
sqlite reads_4x 335465 reads/s
sqlite writes_tx1 5074 writes/s
sqlite commits_tx1 5074 commits/s
sqlite writes_tx100 24343 writes/s
sqlite commits_tx100 243 commits/s
sqlite writes_tx10000 126865 writes/s
sqlite commits_tx10000 13 commits/s
sqlite peak_memory 48488 KB
sqlite-mmap load 118517 entries/s
sqlite-mmap reads_cached 391544 reads/s
sqlite-mmap read_checksum 261411835 -
sqlite-mmap scan 16624138 entries/s
sqlite-mmap scan_checksum 261470407 -
sqlite-mmap bytes_on_disk 35794944 bytes
sqlite-mmap bytes_per_entry 35.8 bytes
sqlite-mmap writes_tx1 5632 writes/s
sqlite-mmap commits_tx1 5632 commits/s
sqlite-mmap writes_tx100 25618 writes/s
sqlite-mmap commits_tx100 256 commits/s
sqlite-mmap writes_tx10000 139638 writes/s
sqlite-mmap commits_tx10000 14 commits/s
sqlite-mmap peak_memory 62256 KB
sqlite-blob load 163653 entries/s
sqlite-blob reads_cached 1663858 reads/s
sqlite-blob read_checksum 261411835 -
sqlite-blob scan 23249417 entries/s
sqlite-blob scan_checksum 261470407 -
sqlite-blob bytes_on_disk 24408064 bytes
sqlite-blob bytes_per_entry 24.4 bytes
sqlite-blob reads_4x 885038 reads/s
sqlite-blob writes_tx1 4835 writes/s
sqlite-blob commits_tx1 4835 commits/s
sqlite-blob writes_tx100 290303 writes/s
sqlite-blob commits_tx100 2903 commits/s
sqlite-blob writes_tx10000 1436653 writes/s
sqlite-blob commits_tx10000 144 commits/s
sqlite-blob peak_memory 36572 KB
lmdb load 181726 entries/s
lmdb reads_cached 1576085 reads/s
lmdb read_checksum 261411835 -
lmdb scan 71103876 entries/s
lmdb scan_checksum 261470407 -
lmdb bytes_on_disk 110559232 bytes
lmdb bytes_per_entry 110.6 bytes
lmdb writes_tx1 4065 writes/s
lmdb commits_tx1 4065 commits/s
lmdb writes_tx100 54237 writes/s
lmdb commits_tx100 542 commits/s
lmdb writes_tx10000 482254 writes/s
lmdb commits_tx10000 48 commits/s
lmdb peak_memory 147172 KB
