altsql load 186475 entries/s
altsql reads_cached 1806474 reads/s
altsql read_checksum 261411835 -
altsql scan 14445923 entries/s
altsql scan_checksum 261470407 -
altsql bytes_on_disk 99561472 bytes
altsql bytes_per_entry 99.6 bytes
altsql reads_4x 764771 reads/s
altsql writes_tx1 3443 writes/s
altsql commits_tx1 3443 commits/s
altsql writes_tx100 42085 writes/s
altsql commits_tx100 421 commits/s
altsql writes_tx10000 426521 writes/s
altsql commits_tx10000 43 commits/s
altsql peak_memory 109248 KB
altsql-int load 202232 entries/s
altsql-int reads_cached 2020859 reads/s
altsql-int read_checksum 261411835 -
altsql-int scan 14060071 entries/s
altsql-int scan_checksum 261470407 -
altsql-int bytes_on_disk 89202688 bytes
altsql-int bytes_per_entry 89.2 bytes
altsql-int reads_4x 799978 reads/s
altsql-int writes_tx1 3219 writes/s
altsql-int commits_tx1 3219 commits/s
altsql-int writes_tx100 326073 writes/s
altsql-int commits_tx100 3261 commits/s
altsql-int writes_tx10000 3121546 writes/s
altsql-int commits_tx10000 312 commits/s
altsql-int peak_memory 98752 KB
sqlite load 114456 entries/s
sqlite reads_cached 363763 reads/s
sqlite read_checksum 261411835 -
sqlite scan 16476619 entries/s
sqlite scan_checksum 261470407 -
sqlite bytes_on_disk 35794944 bytes
sqlite bytes_per_entry 35.8 bytes
sqlite reads_4x 321071 reads/s
sqlite writes_tx1 4741 writes/s
sqlite commits_tx1 4741 commits/s
sqlite writes_tx100 23388 writes/s
sqlite commits_tx100 234 commits/s
sqlite writes_tx10000 117221 writes/s
sqlite commits_tx10000 12 commits/s
sqlite peak_memory 48548 KB
sqlite-mmap load 106266 entries/s
sqlite-mmap reads_cached 357781 reads/s
sqlite-mmap read_checksum 261411835 -
sqlite-mmap scan 16714131 entries/s
sqlite-mmap scan_checksum 261470407 -
sqlite-mmap bytes_on_disk 35794944 bytes
sqlite-mmap bytes_per_entry 35.8 bytes
sqlite-mmap writes_tx1 5627 writes/s
sqlite-mmap commits_tx1 5627 commits/s
sqlite-mmap writes_tx100 23046 writes/s
sqlite-mmap commits_tx100 230 commits/s
sqlite-mmap writes_tx10000 124570 writes/s
sqlite-mmap commits_tx10000 12 commits/s
sqlite-mmap peak_memory 62380 KB
sqlite-blob load 145117 entries/s
sqlite-blob reads_cached 1681917 reads/s
sqlite-blob read_checksum 261411835 -
sqlite-blob scan 21975462 entries/s
sqlite-blob scan_checksum 261470407 -
sqlite-blob bytes_on_disk 24408064 bytes
sqlite-blob bytes_per_entry 24.4 bytes
sqlite-blob reads_4x 925015 reads/s
sqlite-blob writes_tx1 6303 writes/s
sqlite-blob commits_tx1 6303 commits/s
sqlite-blob writes_tx100 439006 writes/s
sqlite-blob commits_tx100 4390 commits/s
sqlite-blob writes_tx10000 2348749 writes/s
sqlite-blob commits_tx10000 235 commits/s
sqlite-blob peak_memory 36404 KB
lmdb load 189517 entries/s
lmdb reads_cached 1565997 reads/s
lmdb read_checksum 261411835 -
lmdb scan 64480648 entries/s
lmdb scan_checksum 261470407 -
lmdb bytes_on_disk 110559232 bytes
lmdb bytes_per_entry 110.6 bytes
lmdb writes_tx1 3795 writes/s
lmdb commits_tx1 3795 commits/s
lmdb writes_tx100 51354 writes/s
lmdb commits_tx100 514 commits/s
lmdb writes_tx10000 477916 writes/s
lmdb commits_tx10000 48 commits/s
lmdb peak_memory 147200 KB
