AltSql DB Gate 1, the direct path of 0.1, 0.2 and 0.3.0-alpha side by side: tools/gate1.c built on each version's
header, run in turn on CPU 1, 6 rounds of 1,000,000 entries; middle = median of the rounds,
spread = (largest - smallest) / largest

measure         code                   round 1     round 2     round 3     round 4     round 5     round 6       middle   spread
reads_cached    0.1                  1,931,418   1,911,611   1,957,972   1,940,125   2,104,792   2,040,422    1,949,048     9.2%
reads_cached    0.2                  1,984,877   1,996,709   1,913,503   1,880,073   1,969,773   1,886,463    1,941,638     5.8%
reads_cached    0.3                  1,951,628   2,057,497   1,887,411   1,841,515   2,012,260   1,860,993    1,919,520    10.5%
reads_cached    0.3, code aligned    1,917,425   1,826,576   1,912,687   1,995,922   1,939,549   1,498,354    1,915,056    24.9%

reads_4x        0.1                    757,987     733,785     807,767     776,438     805,681     802,952      789,695     9.2%
reads_4x        0.2                    733,112     755,648     766,822     729,266     767,032     738,010      746,829     4.9%
reads_4x        0.3                    842,813     803,155     754,662     866,652     888,367     781,227      822,984    15.1%
reads_4x        0.3, code aligned      804,964     821,763     625,529     794,803     824,991     794,602      799,884    24.2%

scan            0.1                 15,793,912  13,520,265  15,294,347  12,080,664  16,800,300  15,383,279   15,338,813    28.1%
scan            0.2                 14,441,326  15,608,648  15,879,208  16,306,935  15,977,118  15,023,381   15,743,928    11.4%
scan            0.3                 13,994,588  15,172,735  14,795,649  13,539,941  14,729,729  12,779,568   14,362,158    15.8%
scan            0.3, code aligned   13,861,895  13,531,799  13,199,837  14,696,775  14,328,656  11,957,765   13,696,847    18.6%

writes_tx10000  0.1                    423,327     395,599     434,881     458,259     414,455     453,696      429,104    13.7%
writes_tx10000  0.2                    384,823     420,129     394,458     404,252     437,470     378,396      399,355    13.5%
writes_tx10000  0.3                    454,582     410,702     384,517     445,097     423,330     369,992      417,016    18.6%
writes_tx10000  0.3, code aligned      444,703     376,040     348,215     377,521     417,829     396,401      386,961    21.7%

load            0.1                    190,885     189,599     184,530     191,358     202,261     192,046      191,122     8.8%
load            0.2                    191,898     201,673     195,803     200,221     197,428     191,485      196,616     5.1%
load            0.3                    195,437     203,569     193,938     193,370     204,773     179,573      194,688    12.3%
load            0.3, code aligned      202,080     195,205     190,105     189,992     205,897     188,328      192,655     8.5%

units: reads_cached reads/s, reads_4x reads/s, scan entries/s, writes_tx10000 writes/s, load entries/s

Instructions of the scan alone (tools/scan_count.c: two scans of 100,000 entries; valgrind --tool=callgrind,
inclusive count of scan())
  0.2                73,327,898 instructions
  0.3.0-alpha        73,130,882 instructions
