#   part     planted bug                                                      result
1   storage  a commit writes its header before its pages are synced           caught by test_sync (test failed)
2   storage  every commit header goes to slot 0                               caught by test_rows (test failed)
3   storage  opening prefers the older of two good headers                    caught by test_rows (test failed)
4   storage  a header's checksum is not checked                               caught by test_db (test failed)
5   storage  a page freed by the last commit is reused at once                caught by test_rows (test failed)
6   storage  the newest free list is not copied at commit: its pages are lost caught by test_rows (test failed)
7   storage  the header records no entries in the newest list                 caught by test_rows (test failed)
8   storage  loading the ready list forgets to count the entries taken        caught by test_rows (test failed)
9   storage  a spilled page of reusable entries is linked into the newest list caught by test_rows (test failed)
10  storage  leaf search returns the slot after an equal key                  caught by test_rows (test failed)
11  storage  branch search sends a key equal to a separator left              caught by test_rows (test failed)
12  storage  a split's separator is one byte too short                        caught by test_rows (test failed)
13  storage  a large value is read one page short                             caught by test_db (test failed)
14  storage  a rollback keeps the transaction's root and page count           caught by test_rows (test failed)
15  storage  a cursor does not find its place again after a write             caught by test_db (test failed)
16  tables   negative whole numbers sort after positive ones in keys          caught by test_rows (test failed)
17  tables   negative reals keep their bits in keys                           caught by test_rows (test failed)
18  tables   a zero byte in a text key is not escaped                         caught by test_rows (test failed)
19  tables   a row's text is stored one byte short                            caught by test_rows (test failed)
20  sync     records the gateway already has are applied again                caught by test_sync (test failed)
21  sync     a record's checksum is not checked                               caught by test_sync (test failed)
22  sync     a device with another layout is let in                           caught by test_sync (test failed)
23  sync     the device's position is not saved with its records              caught by test_sql (test failed)
24  sql      a point lookup is planned with one key column missing            caught by test_sql (test failed)
25  sql      a range scan stops before its upper bound                        caught by test_sql (test failed)
26  sql      UPDATE and DELETE act on rows WHERE leaves out                   caught by test_sql (test failed)
27  sql      a key list reads a repeated value twice                          caught by test_sql (test failed)
28  sql      a key list takes its values in the order written                 caught by test_sql (test failed)
29  sql      an UPDATE writes the old values back                             caught by test_sql (test failed)
30  sql      an UPDATE of keys leaves the old rows                            caught by test_sql (test failed)
31  sql      NOT IN becomes OR of <>                                          caught by test_sql (test failed)
32  sql      a quote in a bound text value is not doubled                     caught by test_sql (test failed)
33  sql      a prepared SELECT that goes on gives its last row again          caught by test_sql (test failed)
34  sql      a prepared SELECT stops at the end of its first batch            caught by test_sql (test failed)
35  sql      a sorted prepared SELECT skips one row too few                   caught by test_sql (test failed)
36  sql      INSERT does not look for a key already there                     caught by test_sql (test failed)
37  sql      DROP TABLE leaves the table's rows                               caught by test_sql (test failed)

37 of 37 planted bugs caught (360 s)
exit 0
