for t in test_db test_rows test_sync test_sql test_same test_savepoint test_index; do \
  cc -std=c99 -pedantic -Wall -Wextra -Wshadow -D_POSIX_C_SOURCE=200809L -O1 -g -I../../core/dist -I. -Itests -o build/$t.vg tests/$t.c -lm && \
  valgrind --error-exitcode=9 --leak-check=full ./build/$t.vg quick || exit 1; \
done
In file included from tests/dbtest.h:18,
                 from tests/test_db.c:11:
In function 'asd_sync_rec',
    inlined from 'altsql_db_sync_apply' at ./altsql_db.h:3559:23:
./altsql_db.h:3522:56: warning: 'ks' may be used uninitialized [-Wmaybe-uninitialized]
 3522 |     if ((rc = asd_sync_kvtable(db, &ks)) != 0 || (rc = asd_table_byks(db, ks, &T)) != 0) return rc;
      |                                                        ^~~~~~~~~~~~~~~~~~~~~~~~~~
./altsql_db.h: In function 'altsql_db_sync_apply':
./altsql_db.h:3501:18: note: 'ks' was declared here
 3501 |     uint32_t kn, ks, klen;
      |                  ^~
==5392== Memcheck, a memory error detector
==5392== Copyright (C) 2002-2022, and GNU GPL'd, by Julian Seward et al.
==5392== Using Valgrind-3.22.0 and LibVEX; rerun with -h for copyright info
==5392== Command: ./build/test_db.vg quick
==5392== 
AltSql DB 0.3.0-alpha: unit and model tests
  basics: ok
==5393== 
==5393== HEAP SUMMARY:
==5393==     in use at exit: 5,242,880 bytes in 2 blocks
==5393==   total heap usage: 7 allocs, 5 frees, 56,627,200 bytes allocated
==5393== 
==5393== LEAK SUMMARY:
==5393==    definitely lost: 0 bytes in 0 blocks
==5393==    indirectly lost: 0 bytes in 0 blocks
==5393==      possibly lost: 0 bytes in 0 blocks
==5393==    still reachable: 5,242,880 bytes in 2 blocks
==5393==         suppressed: 0 bytes in 0 blocks
==5393== Reachable blocks (those to which a pointer was found) are not shown.
==5393== To see them, rerun with: --leak-check=full --show-leak-kinds=all
==5393== 
==5393== For lists of detected and suppressed errors, rerun with: -s
==5393== ERROR SUMMARY: 0 errors from 0 contexts (suppressed: 0 from 0)
AltSql DB 0.3.0-alpha: unit and model tests
  basics: ok
  POSIX file and lock: ok
  append: 100,000 keys in order -> 723 pages, depth 3
  reuse: ten rewrites of 4,000 entries, 160-entry free-list window: 2521 pages after round 3, 2587 after round 6, 2588 after round 10
  damaged header: each of 44 bytes changed in turn, the file opens at the commit before: ok
  model tests: 36 runs, 12 seeds, page sizes 512, 1024 and 4096: ok
all passed
==5392== 
==5392== HEAP SUMMARY:
==5392==     in use at exit: 4,194,304 bytes in 1 blocks
==5392==   total heap usage: 623 allocs, 622 frees, 7,756,958,880 bytes allocated
==5392== 
==5392== LEAK SUMMARY:
==5392==    definitely lost: 0 bytes in 0 blocks
==5392==    indirectly lost: 0 bytes in 0 blocks
==5392==      possibly lost: 0 bytes in 0 blocks
==5392==    still reachable: 4,194,304 bytes in 1 blocks
==5392==         suppressed: 0 bytes in 0 blocks
==5392== Reachable blocks (those to which a pointer was found) are not shown.
==5392== To see them, rerun with: --leak-check=full --show-leak-kinds=all
==5392== 
==5392== For lists of detected and suppressed errors, rerun with: -s
==5392== ERROR SUMMARY: 0 errors from 0 contexts (suppressed: 0 from 0)
In file included from tests/dbtest.h:18,
                 from tests/test_rows.c:11:
In function 'asd_sync_rec',
    inlined from 'altsql_db_sync_apply' at ./altsql_db.h:3559:23:
./altsql_db.h:3522:56: warning: 'ks' may be used uninitialized [-Wmaybe-uninitialized]
 3522 |     if ((rc = asd_sync_kvtable(db, &ks)) != 0 || (rc = asd_table_byks(db, ks, &T)) != 0) return rc;
      |                                                        ^~~~~~~~~~~~~~~~~~~~~~~~~~
./altsql_db.h: In function 'altsql_db_sync_apply':
./altsql_db.h:3501:18: note: 'ks' was declared here
 3501 |     uint32_t kn, ks, klen;
      |                  ^~
==5435== Memcheck, a memory error detector
==5435== Copyright (C) 2002-2022, and GNU GPL'd, by Julian Seward et al.
==5435== Using Valgrind-3.22.0 and LibVEX; rerun with -h for copyright info
==5435== Command: ./build/test_rows.vg quick
==5435== 
AltSql DB 0.3.0-alpha: tables
  key encodings sort as their values: ok
  real, float and text keys in order; caller errors: ok
  model runs: 4 seeds, 512 and 4096-byte pages: ok
all passed
==5435== 
==5435== HEAP SUMMARY:
==5435==     in use at exit: 5,634,304 bytes in 2 blocks
==5435==   total heap usage: 550 allocs, 548 frees, 1,701,602,432 bytes allocated
==5435== 
==5435== LEAK SUMMARY:
==5435==    definitely lost: 0 bytes in 0 blocks
==5435==    indirectly lost: 0 bytes in 0 blocks
==5435==      possibly lost: 0 bytes in 0 blocks
==5435==    still reachable: 5,634,304 bytes in 2 blocks
==5435==         suppressed: 0 bytes in 0 blocks
==5435== Reachable blocks (those to which a pointer was found) are not shown.
==5435== To see them, rerun with: --leak-check=full --show-leak-kinds=all
==5435== 
==5435== For lists of detected and suppressed errors, rerun with: -s
==5435== ERROR SUMMARY: 0 errors from 0 contexts (suppressed: 0 from 0)
In file included from tests/dbtest.h:18,
                 from tests/test_sync.c:15:
In function 'asd_sync_rec',
    inlined from 'altsql_db_sync_apply' at ./altsql_db.h:3559:23:
./altsql_db.h:3522:56: warning: 'ks' may be used uninitialized [-Wmaybe-uninitialized]
 3522 |     if ((rc = asd_sync_kvtable(db, &ks)) != 0 || (rc = asd_table_byks(db, ks, &T)) != 0) return rc;
      |                                                        ^~~~~~~~~~~~~~~~~~~~~~~~~~
./altsql_db.h: In function 'altsql_db_sync_apply':
./altsql_db.h:3501:18: note: 'ks' was declared here
 3501 |     uint32_t kn, ks, klen;
      |                  ^~
==5446== Memcheck, a memory error detector
==5446== Copyright (C) 2002-2022, and GNU GPL'd, by Julian Seward et al.
==5446== Using Valgrind-3.22.0 and LibVEX; rerun with -h for copyright info
==5446== Command: ./build/test_sync.vg quick
==5446== 
AltSql DB 0.3.0-alpha: sync from AltSql Core devices
  six devices, 40 rounds, batches of 64 to 3,064 bytes: 6116 rows stored as sent; resends, stale, cut and damaged batches: ok
  power cuts on the gateway during sync: 89 cuts, 623 writes in the session; every device complete after resending: ok
  sync in order: 8 runs, 4 devices each sending up to 4 batches ahead: 8888 batches sent, 8908 delivered, 507 lost on the link, 527 delivered twice, 9312 out of order, 3529 refused as gaps; every record applied exactly once
  the same 8 runs with every batch claiming position 0, as 0.1 assumed: 16109 records lost
all passed
==5446== 
==5446== HEAP SUMMARY:
==5446==     in use at exit: 4,194,304 bytes in 1 blocks
==5446==   total heap usage: 206 allocs, 205 frees, 3,503,263,744 bytes allocated
==5446== 
==5446== LEAK SUMMARY:
==5446==    definitely lost: 0 bytes in 0 blocks
==5446==    indirectly lost: 0 bytes in 0 blocks
==5446==      possibly lost: 0 bytes in 0 blocks
==5446==    still reachable: 4,194,304 bytes in 1 blocks
==5446==         suppressed: 0 bytes in 0 blocks
==5446== Reachable blocks (those to which a pointer was found) are not shown.
==5446== To see them, rerun with: --leak-check=full --show-leak-kinds=all
==5446== 
==5446== For lists of detected and suppressed errors, rerun with: -s
==5446== ERROR SUMMARY: 0 errors from 0 contexts (suppressed: 0 from 0)
In file included from tests/dbtest.h:18,
                 from tests/test_sql.c:13:
In function 'asd_sync_rec',
    inlined from 'altsql_db_sync_apply' at ./altsql_db.h:3559:23:
./altsql_db.h:3522:56: warning: 'ks' may be used uninitialized [-Wmaybe-uninitialized]
 3522 |     if ((rc = asd_sync_kvtable(db, &ks)) != 0 || (rc = asd_table_byks(db, ks, &T)) != 0) return rc;
      |                                                        ^~~~~~~~~~~~~~~~~~~~~~~~~~
./altsql_db.h: In function 'altsql_db_sync_apply':
./altsql_db.h:3501:18: note: 'ks' was declared here
 3501 |     uint32_t kn, ks, klen;
      |                  ^~
==5458== Memcheck, a memory error detector
==5458== Copyright (C) 2002-2022, and GNU GPL'd, by Julian Seward et al.
==5458== Using Valgrind-3.22.0 and LibVEX; rerun with -h for copyright info
==5458== Command: ./build/test_sql.vg quick
==5458== 
AltSql DB 0.3.0-alpha: SQL on the tree
  Core's SQL and AltSql DB's: 30 fixed statements and 100 random ones, the same answers: ok
  plans: point lookup reads 1 row, range scans only their range, 150 random narrowings return a full scan's rows: ok
  INSERT: all or nothing, duplicate keys refused, OR REPLACE, named columns; errors keep a transaction usable: ok
  synced tables: range per device reads only its ranges; GROUP BY device; kv over SQL: ok
  IN lists: key list plan, one walk per value; NOT IN; text, reals, NULL: the same rows as a full scan: ok
  UPDATE (in place and of keys), DELETE (tables and synced retention), DROP TABLE: rules, rollback, no pages lost: ok
  prepared statements: parameters, batches by key and by skipping, INSERT, UPDATE and DELETE, two at once, rules: ok
all passed
==5458== 
==5458== HEAP SUMMARY:
==5458==     in use at exit: 415,236,096 bytes in 5 blocks
==5458==   total heap usage: 1,088 allocs, 1,083 frees, 463,286,817 bytes allocated
==5458== 
==5458== LEAK SUMMARY:
==5458==    definitely lost: 0 bytes in 0 blocks
==5458==    indirectly lost: 0 bytes in 0 blocks
==5458==      possibly lost: 0 bytes in 0 blocks
==5458==    still reachable: 415,236,096 bytes in 5 blocks
==5458==         suppressed: 0 bytes in 0 blocks
==5458== Reachable blocks (those to which a pointer was found) are not shown.
==5458== To see them, rerun with: --leak-check=full --show-leak-kinds=all
==5458== 
==5458== For lists of detected and suppressed errors, rerun with: -s
==5458== ERROR SUMMARY: 0 errors from 0 contexts (suppressed: 0 from 0)
In file included from tests/dbtest.h:18,
                 from tests/test_same.c:17:
In function 'asd_sync_rec',
    inlined from 'altsql_db_sync_apply' at ./altsql_db.h:3559:23:
./altsql_db.h:3522:56: warning: 'ks' may be used uninitialized [-Wmaybe-uninitialized]
 3522 |     if ((rc = asd_sync_kvtable(db, &ks)) != 0 || (rc = asd_table_byks(db, ks, &T)) != 0) return rc;
      |                                                        ^~~~~~~~~~~~~~~~~~~~~~~~~~
./altsql_db.h: In function 'altsql_db_sync_apply':
./altsql_db.h:3501:18: note: 'ks' was declared here
 3501 |     uint32_t kn, ks, klen;
      |                  ^~
==5488== Memcheck, a memory error detector
==5488== Copyright (C) 2002-2022, and GNU GPL'd, by Julian Seward et al.
==5488== Using Valgrind-3.22.0 and LibVEX; rerun with -h for copyright info
==5488== Command: ./build/test_same.vg quick
==5488== 
AltSql DB 0.3.0-alpha: the interface test, SQL text against direct calls
  seed 1: 2000 steps, t1 169 rows, 4 indexes with 746 entries, 335872-byte files identical, 828 commits
  seed 2: 2000 steps, t1 167 rows, 4 indexes with 762 entries, 442368-byte files identical, 845 commits
  seed 3: 2000 steps, t1 159 rows, 3 indexes with 737 entries, 319488-byte files identical, 862 commits
  seed 4: 2000 steps, t1 167 rows, 3 indexes with 458 entries, 417792-byte files identical, 792 commits
  8000 steps: 4908 writes, 1449 reads, 1363 refusals, 184 table and index drops and creations, 576 transactions, 245 whole-table comparisons
  same answers, same refusals code for code, same rows, identical files
test_same: all checks passed
==5488== 
==5488== HEAP SUMMARY:
==5488==     in use at exit: 4,194,304 bytes in 1 blocks
==5488==   total heap usage: 26 allocs, 25 frees, 1,614,811,136 bytes allocated
==5488== 
==5488== LEAK SUMMARY:
==5488==    definitely lost: 0 bytes in 0 blocks
==5488==    indirectly lost: 0 bytes in 0 blocks
==5488==      possibly lost: 0 bytes in 0 blocks
==5488==    still reachable: 4,194,304 bytes in 1 blocks
==5488==         suppressed: 0 bytes in 0 blocks
==5488== Reachable blocks (those to which a pointer was found) are not shown.
==5488== To see them, rerun with: --leak-check=full --show-leak-kinds=all
==5488== 
==5488== For lists of detected and suppressed errors, rerun with: -s
==5488== ERROR SUMMARY: 0 errors from 0 contexts (suppressed: 0 from 0)
In file included from tests/dbtest.h:18,
                 from tests/test_savepoint.c:22:
In function 'asd_sync_rec',
    inlined from 'altsql_db_sync_apply' at ./altsql_db.h:3559:23:
./altsql_db.h:3522:56: warning: 'ks' may be used uninitialized [-Wmaybe-uninitialized]
 3522 |     if ((rc = asd_sync_kvtable(db, &ks)) != 0 || (rc = asd_table_byks(db, ks, &T)) != 0) return rc;
      |                                                        ^~~~~~~~~~~~~~~~~~~~~~~~~~
./altsql_db.h: In function 'altsql_db_sync_apply':
./altsql_db.h:3501:18: note: 'ks' was declared here
 3501 |     uint32_t kn, ks, klen;
      |                  ^~
==5495== Memcheck, a memory error detector
==5495== Copyright (C) 2002-2022, and GNU GPL'd, by Julian Seward et al.
==5495== Using Valgrind-3.22.0 and LibVEX; rerun with -h for copyright info
==5495== Command: ./build/test_savepoint.vg quick
==5495== 
AltSql DB 0.3.0-alpha: statement savepoints
  a cache of 6796 pages of 1 KiB: 94 failed statements kept 2299 pages
  a cache of 31 pages of 512 bytes: 94 failed statements kept 4528 pages, 81 of them read pages back from the file
  8 seeds, 15 rounds each: 27745 statements on both files, 188 failed on one and taken back (36 of them over every row), 101 commits, 19 rollbacks
  after every failed statement both files held the same rows; 4 runs with a cache that holds them ended byte for byte the same
  a savepoint too small for the statement: the failure fails the transaction, and a rollback brings back the last commit
test_savepoint: all checks passed
==5495== 
==5495== HEAP SUMMARY:
==5495==     in use at exit: 4,194,304 bytes in 1 blocks
==5495==   total heap usage: 69 allocs, 68 frees, 3,496,841,216 bytes allocated
==5495== 
==5495== LEAK SUMMARY:
==5495==    definitely lost: 0 bytes in 0 blocks
==5495==    indirectly lost: 0 bytes in 0 blocks
==5495==      possibly lost: 0 bytes in 0 blocks
==5495==    still reachable: 4,194,304 bytes in 1 blocks
==5495==         suppressed: 0 bytes in 0 blocks
==5495== Reachable blocks (those to which a pointer was found) are not shown.
==5495== To see them, rerun with: --leak-check=full --show-leak-kinds=all
==5495== 
==5495== For lists of detected and suppressed errors, rerun with: -s
==5495== ERROR SUMMARY: 0 errors from 0 contexts (suppressed: 0 from 0)
In file included from tests/dbtest.h:18,
                 from tests/test_index.c:19:
In function 'asd_sync_rec',
    inlined from 'altsql_db_sync_apply' at ./altsql_db.h:3559:23:
./altsql_db.h:3522:56: warning: 'ks' may be used uninitialized [-Wmaybe-uninitialized]
 3522 |     if ((rc = asd_sync_kvtable(db, &ks)) != 0 || (rc = asd_table_byks(db, ks, &T)) != 0) return rc;
      |                                                        ^~~~~~~~~~~~~~~~~~~~~~~~~~
./altsql_db.h: In function 'altsql_db_sync_apply':
./altsql_db.h:3501:18: note: 'ks' was declared here
 3501 |     uint32_t kn, ks, klen;
      |                  ^~
==5555== Memcheck, a memory error detector
==5555== Copyright (C) 2002-2022, and GNU GPL'd, by Julian Seward et al.
==5555== Using Valgrind-3.22.0 and LibVEX; rerun with -h for copyright info
==5555== Command: ./build/test_index.vg quick
==5555== 
AltSql DB 0.3.0-alpha: secondary indexes
  6 runs (pages of 512 bytes to 4 KB, caches large and small): 9000 steps, 1035 transactions, 263 refusals, 652 index makes and drops
  4199 queries through their plans against full scans (1550 read an index), 531 checks, 41894 rows walked by index cursors,
  5058 rows read by a prepared SELECT through an index, batch after batch, as exec reads them
  467 statements failed partway inside transactions: tables and indexes as before each time
  UNIQUE, names, limits (8 indexes, 4 columns, keys of the page size), DDL in transactions: as documented
  a synced table: an index made after the first rows, kept through 18 batches from 3 devices and a retention DELETE; 392 rows of machine 5 read through it
  a version 2 file (0.2) opens, reads, takes an index and is written as version 3
test_index: all checks passed
==5555== 
==5555== HEAP SUMMARY:
==5555==     in use at exit: 4,194,304 bytes in 1 blocks
==5555==   total heap usage: 44 allocs, 43 frees, 2,610,384,896 bytes allocated
==5555== 
==5555== LEAK SUMMARY:
==5555==    definitely lost: 0 bytes in 0 blocks
==5555==    indirectly lost: 0 bytes in 0 blocks
==5555==      possibly lost: 0 bytes in 0 blocks
==5555==    still reachable: 4,194,304 bytes in 1 blocks
==5555==         suppressed: 0 bytes in 0 blocks
==5555== Reachable blocks (those to which a pointer was found) are not shown.
==5555== To see them, rerun with: --leak-check=full --show-leak-kinds=all
==5555== 
==5555== For lists of detected and suppressed errors, rerun with: -s
==5555== ERROR SUMMARY: 0 errors from 0 contexts (suppressed: 0 from 0)
exit 0
